
== A. matched-budget baselines (K_max=3, q=0.667, faults on) ==
  eta |   CGR-EA/E-CGR (k=1) |  RUCoP-style (k=K) |        k* policy | k*
  0.5 |     3.143 ±0.010     |    6.468 ±0.029 |   3.143 ±0.010 | 1
  1.0 |     1.702 ±0.003     |    3.347 ±0.007 |   1.702 ±0.003 | 1
  1.5 |     1.639 ±0.003     |    2.301 ±0.006 |   1.639 ±0.003 | 1
  2.0 |     1.640 ±0.003     |    1.785 ±0.004 |   1.375 ±0.003 | 2
  2.5 |     1.642 ±0.004     |    1.481 ±0.003 |   1.323 ±0.002 | 2
  3.0 |     1.641 ±0.004     |    1.321 ±0.002 |   1.321 ±0.002 | 3
  4.0 |     1.641 ±0.004     |    1.267 ±0.001 |   1.267 ±0.001 | 3

== B. route-set phase structure (k=2, K_max=2, eta=3.0) ==
    q |          set |         k=2 PAoI |  CGR-EA (k=1) PAoI
1.000 |       locked |   1.3715 ±0.0009 |    1.3715 ±0.0008
1.000 |  independent |   1.2148 ±0.0008 |    1.2145 ±0.0005
1.000 |         anti |   1.1324 ±0.0003 |    1.1323 ±0.0003
0.667 |       locked |   1.4974 ±0.0010 |    1.8724 ±0.0024
0.667 |  independent |   1.4182 ±0.0012 |    1.7156 ±0.0020
0.667 |         anti |   1.3776 ±0.0010 |    1.6333 ±0.0024

== C. adaptive baselines (faults on, q=0.667) ==
  eta |   k* set-point | battery-greedy | battery-thresh | best
  0.5 |   3.143 ±0.010 |   3.685 ±0.021 |   3.375 ±0.008 | kstar
  1.0 |   1.702 ±0.003 |   2.200 ±0.007 |   2.056 ±0.009 | kstar
  1.5 |   1.639 ±0.003 |   1.717 ±0.004 |   1.668 ±0.004 | kstar
  2.0 |   1.375 ±0.003 |   1.486 ±0.001 |   1.476 ±0.002 | kstar
  2.5 |   1.323 ±0.002 |   1.354 ±0.002 |   1.355 ±0.001 | kstar
  3.0 |   1.321 ±0.002 |   1.286 ±0.001 |   1.289 ±0.001 | greedy
  4.0 |   1.267 ±0.001 |   1.267 ±0.001 |   1.267 ±0.001 | greedy

wrote results/baselines_paoi.csv, results/routeset_phase.csv, results/baselines_adaptive.csv
